Microchip MPLAB XC8 Compiler V2.00 ()

Linker command line:

-W-3 --edf=C:\Program Files (x86)\Microchip\xc8\v2.00\pic\dat\en_msgs.txt \
  -cs -h+dist/default/production\Horimetro.X.production.sym \
  --cmf=dist/default/production\Horimetro.X.production.cmf -z -Q16F887 \
  -oC:\Users\21193459\AppData\Local\Temp\scn0.2 \
  -Mdist/default/production/Horimetro.X.production.map -E1 -ver=XC8 \
  --acfsm=1493 -ASTACK=0110h-016fh -pstack=STACK -ACODE=00h-07FFhx4 \
  -ASTRCODE=00h-01FFFh -ASTRING=00h-0FFhx32 -ACONST=00h-0FFhx32 \
  -AENTRY=00h-0FFhx32 -ACOMMON=070h-07Fh -ABANK0=020h-06Fh \
  -ABANK1=0A0h-0EFh -ABANK2=0110h-016Fh -ABANK3=0190h-01EFh \
  -ARAM=020h-06Fh,0A0h-0EFh,0110h-016Fh,0190h-01EFh \
  -AABS1=020h-07Fh,0A0h-0EFh,0110h-016Fh,0190h-01EFh -ASFR0=00h-01Fh \
  -ASFR1=080h-09Fh -ASFR2=0100h-010Fh -ASFR3=0180h-018Fh \
  -preset_vec=00h,intentry=04h,init,end_init -ppowerup=CODE -pcinit=CODE \
  -pfunctab=ENTRY -ACONFIG=02007h-02008h -pconfig=CONFIG -DCONFIG=2 \
  -AIDLOC=02000h-02003h -pidloc=IDLOC -DIDLOC=2 -AEEDATA=00h-0FFh/02100h \
  -peeprom_data=EEDATA -DEEDATA=2 -DCODE=2 -DSTRCODE=2 -DSTRING=2 -DCONST=2 \
  -DENTRY=2 -k C:\Users\21193459\AppData\Local\Temp\scn0.o \
  dist/default/production\Horimetro.X.production.o 

Object code version is 3.11

Machine type is 16F887



                Name                               Link     Load   Length Selector   Space Scale
C:\Users\21193459\AppData\Local\Temp\scn0.o
                end_init                              C        C        3        8       0
                reset_vec                             0        0        3        0       0
                config                             2007     2007        2     400E       0
dist/default/production\Horimetro.X.production.o
                cinit                                 F        F        F        8       0
                intentry                              4        4        8        8       0
                text22                              590      590       12      A76       0
                text21                              569      569       14      A76       0
                text20                              5B2      5B2       10      A76       0
                text19                              4F8      4F8       2C        8       0
                text18                              5A2      5A2       10      A76       0
                text17                              5C2      5C2        A      A76       0
                text16                              5DD      5DD        8      A76       0
                text15                              5EB      5EB        6      A76       0
                text14                              5E5      5E5        6      A76       0
                text13                              5F1      5F1        5      A76       0
                text12                              5CC      5CC        9      A76       0
                text11                              552      552       17      A76       0
                text10                              2EB      2EB       8B        8       0
                text9                               44C      44C       3F        8       0
                text8                               376      376       73        8       0
                text7                               3E9      3E9       63        8       0
                text6                               4C2      4C2       36        8       0
                text5                               57D      57D       13      A76       0
                text4                               16D      16D       EE        8       0
                text3                               48B      48B       37        8       0
                text2                               53B      53B       17      A76       0
                text1                               25B      25B       90        8       0
                maintext                             1E       1E      14F        8       0
                cstackBANK0                          3E       3E       14       20       1
                cstackCOMMON                         70       70        A       70       1
                clrtext                             5D5      5D5        8      A76       0
                bssBANK0                             20       20       1E       20       1
                bssCOMMON                            7A       7A        2       70       1
                strings                             524      524       17      A48       0

TOTAL           Name                               Link     Load   Length     Space
        CLASS   STACK          

        CLASS   CODE           
                end_init                              C        C        3         0
                cinit                                 F        F        F         0
                intentry                              4        4        8         0
                reset_vec                             0        0        3         0
                text22                              590      590       12         0
                text21                              569      569       14         0
                text20                              5B2      5B2       10         0
                text19                              4F8      4F8       2C         0
                text18                              5A2      5A2       10         0
                text17                              5C2      5C2        A         0
                text16                              5DD      5DD        8         0
                text15                              5EB      5EB        6         0
                text14                              5E5      5E5        6         0
                text13                              5F1      5F1        5         0
                text12                              5CC      5CC        9         0
                text11                              552      552       17         0
                text10                              2EB      2EB       8B         0
                text9                               44C      44C       3F         0
                text8                               376      376       73         0
                text7                               3E9      3E9       63         0
                text6                               4C2      4C2       36         0
                text5                               57D      57D       13         0
                text4                               16D      16D       EE         0
                text3                               48B      48B       37         0
                text2                               53B      53B       17         0
                text1                               25B      25B       90         0
                maintext                             1E       1E      14F         0
                clrtext                             5D5      5D5        8         0

        CLASS   STRCODE        

        CLASS   STRING         
                strings                             524      524       17         0

        CLASS   CONST          

        CLASS   ENTRY          

        CLASS   COMMON         
                cstackCOMMON                         70       70        A         1
                bssCOMMON                            7A       7A        2         1

        CLASS   BANK0          
                cstackBANK0                          3E       3E       14         1
                bssBANK0                             20       20       1E         1

        CLASS   BANK1          

        CLASS   BANK2          

        CLASS   BANK3          

        CLASS   RAM            

        CLASS   ABS1           
                abs_s1                               7E       7E        2         1

        CLASS   SFR0           

        CLASS   SFR1           

        CLASS   SFR2           

        CLASS   SFR3           

        CLASS   CONFIG         
                config                             2007     2007        2         0

        CLASS   IDLOC          

        CLASS   EEDATA         



SEGMENTS        Name                           Load    Length   Top    Selector   Space  Class     Delta

                reset_vec                      000000  000003  000003         0       0  CODE        2
                intentry                       000004  000520  000524         8       0  CODE        2
                bssBANK0                       000020  000032  000052        20       1  BANK0       1
                cstackCOMMON                   000070  00000C  00007C        70       1  COMMON      1
                strings                        000524  000017  00053B       A48       0  STRING      2
                text2                          00053B  0000BB  0005F6       A76       0  CODE        2
                config                         002007  000002  002009      400E       0  CONFIG      2


UNUSED ADDRESS RANGES

        Name                Unused          Largest block    Delta
        BANK0            0052-006F             1E           1
        BANK1            00A0-00EF             50           1
        BANK2            0110-016F             60           1
        BANK3            0190-01EF             60           1
        CODE             0003-0003              1           2
                         05F6-1FFF            800
        COMMON           007C-007D              2           1
        CONST            0003-0003              1           2
                         05F6-1FFF            100
        EEDATA           2100-21FF            100           2
        ENTRY            0003-0003              1           2
                         05F6-1FFF            100
        IDLOC            2000-2003              4           2
        RAM              0052-006F             1E           1
                         00A0-00EF             50
                         0110-016F             60
                         0190-01EF             60
        SFR0             0000-001F             20           1
        SFR1             0080-009F             20           1
        SFR2             0100-010F             10           1
        SFR3             0180-018F             10           1
        STACK            0110-016F             60           1
        STRCODE          0003-0003              1           2
                         05F6-1FFF           1A0A
        STRING           0003-0003              1           2
                         05F6-1FFF            100

                                  Symbol Table

?_T0_status                 cstackCOMMON 0072
?___awdiv                   cstackCOMMON 0072
?___awmod                   cstackCOMMON 0072
T0_start@c                  cstackCOMMON 0072
_INTCONbits                 (abs)        000B
_OPTION_REGbits             (abs)        0081
_PIE1bits                   (abs)        008C
_PIR1bits                   (abs)        000C
_PORTD                      (abs)        0008
_PORTDbits                  (abs)        0008
_PR2                        (abs)        0092
_T0_init                    text18       05A2
_T0_int                     text22       0590
_T0_start                   text17       05C2
_T0_status                  text16       05DD
_T0count                    bssBANK0     0024
_T1CONbits                  (abs)        0010
_T1_int                     text21       0569
_T1count                    bssBANK0     0022
_T2CONbits                  (abs)        0012
_T2_int                     text20       05B2
_T2count                    bssBANK0     0020
_TMR0                       (abs)        0001
_TMR1H                      (abs)        000F
_TMR1L                      (abs)        000E
_TMR2                       (abs)        0011
_TRISDbits                  (abs)        0088
__CFG_BOR4V$BOR40V          (abs)        0000
__CFG_BOREN$OFF             (abs)        0000
__CFG_CP$OFF                (abs)        0000
__CFG_CPD$OFF               (abs)        0000
__CFG_FCMEN$OFF             (abs)        0000
__CFG_FOSC$INTRC_NOCLKOUT   (abs)        0000
__CFG_IESO$OFF              (abs)        0000
__CFG_LVP$OFF               (abs)        0000
__CFG_MCLRE$OFF             (abs)        0000
__CFG_PWRTE$OFF             (abs)        0000
__CFG_WDTE$OFF              (abs)        0000
__CFG_WRT$OFF               (abs)        0000
__Habs1                     abs1         0000
__Hbank0                    bank0        0000
__Hbank1                    bank1        0000
__Hbank2                    bank2        0000
__Hbank3                    bank3        0000
__HbssBANK0                 bssBANK0     0000
__HbssCOMMON                bssCOMMON    0000
__Hcinit                    cinit        001E
__Hclrtext                  clrtext      0000
__Hcode                     code         0000
__Hcommon                   common       0000
__Hconfig                   config       2009
__HcstackBANK0              cstackBANK0  0000
__HcstackCOMMON             cstackCOMMON 0000
__Heeprom_data              eeprom_data  0000
__Hend_init                 end_init     000F
__Hfunctab                  functab      0000
__Hidloc                    idloc        0000
__Hinit                     init         000C
__Hintentry                 intentry     000C
__Hmaintext                 maintext     0000
__Hpowerup                  powerup      0000
__Hram                      ram          0000
__Hreset_vec                reset_vec    0003
__Hsfr0                     sfr0         0000
__Hsfr1                     sfr1         0000
__Hsfr2                     sfr2         0000
__Hsfr3                     sfr3         0000
__Hspace_0                  (abs)        2009
__Hspace_1                  (abs)        007C
__Hspace_2                  (abs)        0000
__Hspace_3                  (abs)        0000
__Hstack                    stack        0000
__Hstrings                  strings      0000
__Htext                     text         0000
__Labs1                     abs1         0000
__Lbank0                    bank0        0000
__Lbank1                    bank1        0000
__Lbank2                    bank2        0000
__Lbank3                    bank3        0000
__LbssBANK0                 bssBANK0     0000
__LbssCOMMON                bssCOMMON    0000
__Lcinit                    cinit        000F
__Lclrtext                  clrtext      0000
__Lcode                     code         0000
__Lcommon                   common       0000
__Lconfig                   config       2007
__LcstackBANK0              cstackBANK0  0000
__LcstackCOMMON             cstackCOMMON 0000
__Leeprom_data              eeprom_data  0000
__Lend_init                 end_init     000C
__Lfunctab                  functab      0000
__Lidloc                    idloc        0000
__Linit                     init         000C
__Lintentry                 intentry     0004
__Lmaintext                 maintext     0000
__Lpowerup                  powerup      0000
__Lram                      ram          0000
__Lreset_vec                reset_vec    0000
__Lsfr0                     sfr0         0000
__Lsfr1                     sfr1         0000
__Lsfr2                     sfr2         0000
__Lsfr3                     sfr3         0000
__Lspace_0                  (abs)        0000
__Lspace_1                  (abs)        0000
__Lspace_2                  (abs)        0000
__Lspace_3                  (abs)        0000
__Lstack                    stack        0000
__Lstrings                  strings      0000
__Ltext                     text         0000
__S0                        (abs)        2009
__S1                        (abs)        007C
__S2                        (abs)        0000
__S3                        (abs)        0000
___awdiv                    text8        0376
___awdiv@counter            cstackBANK0  003E
___awdiv@dividend           cstackCOMMON 0074
___awdiv@divisor            cstackCOMMON 0072
___awdiv@quotient           cstackBANK0  0040
___awdiv@sign               cstackBANK0  003F
___awmod                    text7        03E9
___awmod@counter            cstackCOMMON 0077
___awmod@dividend           cstackCOMMON 0074
___awmod@divisor            cstackCOMMON 0072
___awmod@sign               cstackCOMMON 0078
___int_sp                   stack        0000
___latbits                  (abs)        0002
___sp                       stack        0000
__end_of_T0_init            text18       05B2
__end_of_T0_int             text22       05A2
__end_of_T0_start           text17       05CC
__end_of_T0_status          text16       05E5
__end_of_T1_int             text21       057D
__end_of_T2_int             text20       05C2
__end_of___awdiv            text8        03E9
__end_of___awmod            text7        044C
__end_of__initialization    cinit        001A
__end_of__stringtab         strings      052A
__end_of_b0                 text15       05F1
__end_of_b1                 text14       05EB
__end_of_botao_init         text13       05F6
__end_of_delay              text11       0569
__end_of_habTemporizador    text12       05D5
__end_of_isr                text19       0524
__end_of_lcd_dataReg        text6        04F8
__end_of_lcd_init           text9        048B
__end_of_lcd_instReg        text10       0376
__end_of_lcd_lincol         text5        0590
__end_of_lcd_num            text4        025B
__end_of_lcd_print          text3        04C2
__end_of_main               maintext     016D
__end_of_resetTemporizador  text2        0552
__end_of_temporizar         text1        02EB
__initialization            cinit        000F
__pbssBANK0                 bssBANK0     0020
__pbssCOMMON                bssCOMMON    007A
__pcstackBANK0              cstackBANK0  003E
__pcstackCOMMON             cstackCOMMON 0070
__pintentry                 intentry     0004
__pmaintext                 maintext     001E
__pstrings                  strings      0524
__ptext1                    text1        025B
__ptext10                   text10       02EB
__ptext11                   text11       0552
__ptext12                   text12       05CC
__ptext13                   text13       05F1
__ptext14                   text14       05E5
__ptext15                   text15       05EB
__ptext16                   text16       05DD
__ptext17                   text17       05C2
__ptext18                   text18       05A2
__ptext19                   text19       04F8
__ptext2                    text2        053B
__ptext20                   text20       05B2
__ptext21                   text21       0569
__ptext22                   text22       0590
__ptext3                    text3        048B
__ptext4                    text4        016D
__ptext5                    text5        057D
__ptext6                    text6        04C2
__ptext7                    text7        03E9
__ptext8                    text8        0376
__ptext9                    text9        044C
__size_of_T0_init           (abs)        0000
__size_of_T0_int            (abs)        0000
__size_of_T0_start          (abs)        0000
__size_of_T0_status         (abs)        0000
__size_of_T1_int            (abs)        0000
__size_of_T2_int            (abs)        0000
__size_of___awdiv           (abs)        0000
__size_of___awmod           (abs)        0000
__size_of_b0                (abs)        0000
__size_of_b1                (abs)        0000
__size_of_botao_init        (abs)        0000
__size_of_delay             (abs)        0000
__size_of_habTemporizador   (abs)        0000
__size_of_isr               (abs)        0000
__size_of_lcd_dataReg       (abs)        0000
__size_of_lcd_init          (abs)        0000
__size_of_lcd_instReg       (abs)        0000
__size_of_lcd_lincol        (abs)        0000
__size_of_lcd_num           (abs)        0000
__size_of_lcd_print         (abs)        0000
__size_of_main              (abs)        0000
__size_of_resetTemporizador (abs)        0000
__size_of_temporizar        (abs)        0000
__stringbase                strings      0529
__stringtab                 strings      0524
_b0                         text15       05EB
_b0Anterior                 bssCOMMON    007B
_b1                         text14       05E5
_b1Anterior                 bssCOMMON    007A
_botao_init                 text13       05F1
_delay                      text11       0552
_habTemporizador            text12       05CC
_isr                        text19       04F8
_lcd_dataReg                text6        04C2
_lcd_init                   text9        044C
_lcd_instReg                text10       02EB
_lcd_lincol                 text5        057D
_lcd_num                    text4        016D
_lcd_print                  text3        048B
_main                       maintext     001E
_resetTemporizador          text2        053B
_tempo                      bssBANK0     0026
_temporizar                 text1        025B
btemp                       (abs)        007E
clear_ram0                  clrtext      05D5
delay@t                     cstackCOMMON 0072
end_of_initialization       cinit        001A
habTemporizador@h           cstackCOMMON 0072
habTemporizador@t           cstackCOMMON 0074
interrupt_function          intentry     0004
intlevel0                   functab      0000
intlevel1                   functab      0000
intlevel2                   functab      0000
intlevel3                   functab      0000
intlevel4                   functab      0000
intlevel5                   functab      0000
lcd_dataReg@d               cstackCOMMON 0074
lcd_instReg@i               cstackCOMMON 0074
lcd_lincol@col              cstackCOMMON 0075
lcd_lincol@lin              cstackCOMMON 0077
lcd_num@col                 cstackBANK0  0042
lcd_num@div                 cstackBANK0  004C
lcd_num@lin                 cstackBANK0  0049
lcd_num@num                 cstackBANK0  0043
lcd_num@sinal               cstackBANK0  004B
lcd_num@size                cstackBANK0  004A
lcd_num@tam                 cstackBANK0  0045
lcd_print@col               cstackCOMMON 0078
lcd_print@lin               cstackBANK0  0040
lcd_print@pos               cstackBANK0  003F
lcd_print@str               cstackCOMMON 0079
resetTemporizador@t         cstackCOMMON 0072
reset_vec                   reset_vec    0000
saved_w                     (abs)        007E
stackhi                     (abs)        0000
stacklo                     (abs)        0000
start                       init         000C
start_initialization        cinit        000F
temporizar@t                cstackCOMMON 0079
wtemp0                      (abs)        007E


FUNCTION INFORMATION:

 *************** function _main *****************
 Defined at:
		line 17 in file "main.c"
 Parameters:    Size  Location     Type
		None
 Auto vars:     Size  Location     Type
		None
 Return value:  Size  Location     Type
                  1    wreg      void 
 Registers used:
		wreg, fsr0l, fsr0h, status,2, status,0, btemp+1, pclath, cstack
 Tracked objects:
		On entry : 
		On exit  : 
		Unchanged: 
 Data sizes:     COMMON   BANK0   BANK1   BANK3   BANK2
      Params:         0       0       0       0       0
      Locals:         0       0       0       0       0
      Temps:          0       4       0       0       0
      Totals:         0       4       0       0       0
Total ram usage:        4 bytes
 Hardware stack levels required when called:    5
 This function calls:
		_T0_init
		_T0_start
		_T0_status
		_b0
		_b1
		_botao_init
		_habTemporizador
		_lcd_init
		_lcd_num
		_lcd_print
		_resetTemporizador
		_temporizar
 This function is called by:
		Startup code after reset
 This function uses a non-reentrant model


 *************** function _temporizar *****************
 Defined at:
		line 13 in file "tempo.c"
 Parameters:    Size  Location     Type
  t               1    wreg     PTR struct temporizadorT
		 -> tempo(24), 
 Auto vars:     Size  Location     Type
  t               1    9[COMMON] PTR struct temporizadorT
		 -> tempo(24), 
 Return value:  Size  Location     Type
                  1    wreg      void 
 Registers used:
		wreg, fsr0l, fsr0h, status,2, status,0, pclath, cstack
 Tracked objects:
		On entry : 
		On exit  : 
		Unchanged: 
 Data sizes:     COMMON   BANK0   BANK1   BANK3   BANK2
      Params:         0       0       0       0       0
      Locals:         1       0       0       0       0
      Temps:          0       4       0       0       0
      Totals:         1       4       0       0       0
Total ram usage:        5 bytes
 Hardware stack levels used:    1
 Hardware stack levels required when called:    3
 This function calls:
		___awmod
 This function is called by:
		_main
 This function uses a non-reentrant model


 *************** function _resetTemporizador *****************
 Defined at:
		line 39 in file "tempo.c"
 Parameters:    Size  Location     Type
  t               1    wreg     PTR struct temporizadorT
		 -> tempo(24), 
 Auto vars:     Size  Location     Type
  t               1    2[COMMON] PTR struct temporizadorT
		 -> tempo(24), 
 Return value:  Size  Location     Type
                  1    wreg      void 
 Registers used:
		wreg, fsr0l, fsr0h, status,2, status,0
 Tracked objects:
		On entry : 
		On exit  : 
		Unchanged: 
 Data sizes:     COMMON   BANK0   BANK1   BANK3   BANK2
      Params:         0       0       0       0       0
      Locals:         1       0       0       0       0
      Temps:          0       0       0       0       0
      Totals:         1       0       0       0       0
Total ram usage:        1 bytes
 Hardware stack levels used:    1
 Hardware stack levels required when called:    2
 This function calls:
		Nothing
 This function is called by:
		_main
 This function uses a non-reentrant model


 *************** function _lcd_print *****************
 Defined at:
		line 156 in file "lcd.c"
 Parameters:    Size  Location     Type
  lin             1    wreg     unsigned char 
  col             1    8[COMMON] unsigned char 
  str             1    9[COMMON] PTR const unsigned char 
		 -> STR_2(17), STR_1(17), 
 Auto vars:     Size  Location     Type
  lin             1    2[BANK0 ] unsigned char 
  pos             1    1[BANK0 ] unsigned char 
 Return value:  Size  Location     Type
                  1    wreg      void 
 Registers used:
		wreg, fsr0l, fsr0h, status,2, status,0, pclath, cstack
 Tracked objects:
		On entry : 
		On exit  : 
		Unchanged: 
 Data sizes:     COMMON   BANK0   BANK1   BANK3   BANK2
      Params:         2       0       0       0       0
      Locals:         0       2       0       0       0
      Temps:          0       1       0       0       0
      Totals:         2       3       0       0       0
Total ram usage:        5 bytes
 Hardware stack levels used:    1
 Hardware stack levels required when called:    4
 This function calls:
		_lcd_dataReg
		_lcd_lincol
 This function is called by:
		_main
 This function uses a non-reentrant model


 *************** function _lcd_num *****************
 Defined at:
		line 178 in file "lcd.c"
 Parameters:    Size  Location     Type
  lin             1    wreg     unsigned char 
  col             1    4[BANK0 ] unsigned char 
  num             2    5[BANK0 ] int 
  tam             1    7[BANK0 ] unsigned char 
 Auto vars:     Size  Location     Type
  lin             1   11[BANK0 ] unsigned char 
  div             2   14[BANK0 ] int 
  sinal           1   13[BANK0 ] unsigned char 
  size            1   12[BANK0 ] unsigned char 
 Return value:  Size  Location     Type
                  1    wreg      void 
 Registers used:
		wreg, status,2, status,0, btemp+1, pclath, cstack
 Tracked objects:
		On entry : 
		On exit  : 
		Unchanged: 
 Data sizes:     COMMON   BANK0   BANK1   BANK3   BANK2
      Params:         0       4       0       0       0
      Locals:         0       5       0       0       0
      Temps:          0       3       0       0       0
      Totals:         0      12       0       0       0
Total ram usage:       12 bytes
 Hardware stack levels used:    1
 Hardware stack levels required when called:    4
 This function calls:
		___awdiv
		___awmod
		_lcd_dataReg
		_lcd_lincol
 This function is called by:
		_main
 This function uses a non-reentrant model


 *************** function _lcd_lincol *****************
 Defined at:
		line 111 in file "lcd.c"
 Parameters:    Size  Location     Type
  lin             1    wreg     unsigned char 
  col             1    5[COMMON] unsigned char 
 Auto vars:     Size  Location     Type
  lin             1    7[COMMON] unsigned char 
 Return value:  Size  Location     Type
                  1    wreg      void 
 Registers used:
		wreg, status,2, status,0, pclath, cstack
 Tracked objects:
		On entry : 
		On exit  : 
		Unchanged: 
 Data sizes:     COMMON   BANK0   BANK1   BANK3   BANK2
      Params:         1       0       0       0       0
      Locals:         1       0       0       0       0
      Temps:          1       0       0       0       0
      Totals:         3       0       0       0       0
Total ram usage:        3 bytes
 Hardware stack levels used:    1
 Hardware stack levels required when called:    3
 This function calls:
		_lcd_instReg
 This function is called by:
		_lcd_print
		_lcd_num
 This function uses a non-reentrant model


 *************** function _lcd_dataReg *****************
 Defined at:
		line 93 in file "lcd.c"
 Parameters:    Size  Location     Type
  d               1    wreg     unsigned char 
 Auto vars:     Size  Location     Type
  d               1    4[COMMON] unsigned char 
 Return value:  Size  Location     Type
                  1    wreg      void 
 Registers used:
		wreg, status,2, status,0
 Tracked objects:
		On entry : 
		On exit  : 
		Unchanged: 
 Data sizes:     COMMON   BANK0   BANK1   BANK3   BANK2
      Params:         0       0       0       0       0
      Locals:         1       0       0       0       0
      Temps:          2       0       0       0       0
      Totals:         3       0       0       0       0
Total ram usage:        3 bytes
 Hardware stack levels used:    1
 Hardware stack levels required when called:    2
 This function calls:
		Nothing
 This function is called by:
		_lcd_print
		_lcd_num
 This function uses a non-reentrant model


 *************** function ___awmod *****************
 Defined at:
		line 5 in file "C:\Program Files (x86)\Microchip\xc8\v2.00\pic\sources\c90\common\awmod.c"
 Parameters:    Size  Location     Type
  divisor         2    2[COMMON] int 
  dividend        2    4[COMMON] int 
 Auto vars:     Size  Location     Type
  sign            1    8[COMMON] unsigned char 
  counter         1    7[COMMON] unsigned char 
 Return value:  Size  Location     Type
                  2    2[COMMON] int 
 Registers used:
		wreg, status,2, status,0
 Tracked objects:
		On entry : 
		On exit  : 
		Unchanged: 
 Data sizes:     COMMON   BANK0   BANK1   BANK3   BANK2
      Params:         4       0       0       0       0
      Locals:         2       0       0       0       0
      Temps:          1       0       0       0       0
      Totals:         7       0       0       0       0
Total ram usage:        7 bytes
 Hardware stack levels used:    1
 Hardware stack levels required when called:    2
 This function calls:
		Nothing
 This function is called by:
		_lcd_num
		_temporizar
 This function uses a non-reentrant model


 *************** function ___awdiv *****************
 Defined at:
		line 5 in file "C:\Program Files (x86)\Microchip\xc8\v2.00\pic\sources\c90\common\awdiv.c"
 Parameters:    Size  Location     Type
  divisor         2    2[COMMON] int 
  dividend        2    4[COMMON] int 
 Auto vars:     Size  Location     Type
  quotient        2    2[BANK0 ] int 
  sign            1    1[BANK0 ] unsigned char 
  counter         1    0[BANK0 ] unsigned char 
 Return value:  Size  Location     Type
                  2    2[COMMON] int 
 Registers used:
		wreg, status,2, status,0
 Tracked objects:
		On entry : 
		On exit  : 
		Unchanged: 
 Data sizes:     COMMON   BANK0   BANK1   BANK3   BANK2
      Params:         4       0       0       0       0
      Locals:         0       4       0       0       0
      Temps:          1       0       0       0       0
      Totals:         5       4       0       0       0
Total ram usage:        9 bytes
 Hardware stack levels used:    1
 Hardware stack levels required when called:    2
 This function calls:
		Nothing
 This function is called by:
		_lcd_num
 This function uses a non-reentrant model


 *************** function _lcd_init *****************
 Defined at:
		line 121 in file "lcd.c"
 Parameters:    Size  Location     Type
		None
 Auto vars:     Size  Location     Type
		None
 Return value:  Size  Location     Type
                  1    wreg      void 
 Registers used:
		wreg, status,2, status,0, pclath, cstack
 Tracked objects:
		On entry : 
		On exit  : 
		Unchanged: 
 Data sizes:     COMMON   BANK0   BANK1   BANK3   BANK2
      Params:         0       0       0       0       0
      Locals:         0       0       0       0       0
      Temps:          0       0       0       0       0
      Totals:         0       0       0       0       0
Total ram usage:        0 bytes
 Hardware stack levels used:    1
 Hardware stack levels required when called:    3
 This function calls:
		_delay
		_lcd_instReg
 This function is called by:
		_main
 This function uses a non-reentrant model


 *************** function _lcd_instReg *****************
 Defined at:
		line 58 in file "lcd.c"
 Parameters:    Size  Location     Type
  i               1    wreg     unsigned char 
 Auto vars:     Size  Location     Type
  i               1    4[COMMON] unsigned char 
 Return value:  Size  Location     Type
                  1    wreg      void 
 Registers used:
		wreg, status,2, status,0
 Tracked objects:
		On entry : 
		On exit  : 
		Unchanged: 
 Data sizes:     COMMON   BANK0   BANK1   BANK3   BANK2
      Params:         0       0       0       0       0
      Locals:         1       0       0       0       0
      Temps:          2       0       0       0       0
      Totals:         3       0       0       0       0
Total ram usage:        3 bytes
 Hardware stack levels used:    1
 Hardware stack levels required when called:    2
 This function calls:
		Nothing
 This function is called by:
		_lcd_lincol
		_lcd_init
		_lcd_clr
 This function uses a non-reentrant model


 *************** function _delay *****************
 Defined at:
		line 7 in file "delay.c"
 Parameters:    Size  Location     Type
  t               2    2[COMMON] unsigned int 
 Auto vars:     Size  Location     Type
		None
 Return value:  Size  Location     Type
                  1    wreg      void 
 Registers used:
		wreg, status,2, status,0
 Tracked objects:
		On entry : 
		On exit  : 
		Unchanged: 
 Data sizes:     COMMON   BANK0   BANK1   BANK3   BANK2
      Params:         2       0       0       0       0
      Locals:         0       0       0       0       0
      Temps:          1       0       0       0       0
      Totals:         3       0       0       0       0
Total ram usage:        3 bytes
 Hardware stack levels used:    1
 Hardware stack levels required when called:    2
 This function calls:
		Nothing
 This function is called by:
		_lcd_init
 This function uses a non-reentrant model


 *************** function _habTemporizador *****************
 Defined at:
		line 34 in file "tempo.c"
 Parameters:    Size  Location     Type
  t               1    wreg     PTR struct temporizadorT
		 -> tempo(24), 
  h               1    2[COMMON] unsigned char 
 Auto vars:     Size  Location     Type
  t               1    4[COMMON] PTR struct temporizadorT
		 -> tempo(24), 
 Return value:  Size  Location     Type
                  1    wreg      void 
 Registers used:
		wreg, fsr0l, fsr0h
 Tracked objects:
		On entry : 
		On exit  : 
		Unchanged: 
 Data sizes:     COMMON   BANK0   BANK1   BANK3   BANK2
      Params:         1       0       0       0       0
      Locals:         1       0       0       0       0
      Temps:          1       0       0       0       0
      Totals:         3       0       0       0       0
Total ram usage:        3 bytes
 Hardware stack levels used:    1
 Hardware stack levels required when called:    2
 This function calls:
		Nothing
 This function is called by:
		_main
 This function uses a non-reentrant model


 *************** function _botao_init *****************
 Defined at:
		line 6 in file "botao.c"
 Parameters:    Size  Location     Type
		None
 Auto vars:     Size  Location     Type
		None
 Return value:  Size  Location     Type
                  1    wreg      void 
 Registers used:
		None
 Tracked objects:
		On entry : 
		On exit  : 
		Unchanged: 
 Data sizes:     COMMON   BANK0   BANK1   BANK3   BANK2
      Params:         0       0       0       0       0
      Locals:         0       0       0       0       0
      Temps:          0       0       0       0       0
      Totals:         0       0       0       0       0
Total ram usage:        0 bytes
 Hardware stack levels used:    1
 Hardware stack levels required when called:    2
 This function calls:
		Nothing
 This function is called by:
		_main
 This function uses a non-reentrant model


 *************** function _b1 *****************
 Defined at:
		line 53 in file "botao.c"
 Parameters:    Size  Location     Type
		None
 Auto vars:     Size  Location     Type
		None
 Return value:  Size  Location     Type
                  1    wreg      unsigned char 
 Registers used:
		wreg, status,2, status,0
 Tracked objects:
		On entry : 
		On exit  : 
		Unchanged: 
 Data sizes:     COMMON   BANK0   BANK1   BANK3   BANK2
      Params:         0       0       0       0       0
      Locals:         0       0       0       0       0
      Temps:          0       0       0       0       0
      Totals:         0       0       0       0       0
Total ram usage:        0 bytes
 Hardware stack levels used:    1
 Hardware stack levels required when called:    2
 This function calls:
		Nothing
 This function is called by:
		_main
 This function uses a non-reentrant model


 *************** function _b0 *****************
 Defined at:
		line 15 in file "botao.c"
 Parameters:    Size  Location     Type
		None
 Auto vars:     Size  Location     Type
		None
 Return value:  Size  Location     Type
                  1    wreg      unsigned char 
 Registers used:
		wreg, status,2, status,0
 Tracked objects:
		On entry : 
		On exit  : 
		Unchanged: 
 Data sizes:     COMMON   BANK0   BANK1   BANK3   BANK2
      Params:         0       0       0       0       0
      Locals:         0       0       0       0       0
      Temps:          0       0       0       0       0
      Totals:         0       0       0       0       0
Total ram usage:        0 bytes
 Hardware stack levels used:    1
 Hardware stack levels required when called:    2
 This function calls:
		Nothing
 This function is called by:
		_main
 This function uses a non-reentrant model


 *************** function _T0_status *****************
 Defined at:
		line 59 in file "timers.c"
 Parameters:    Size  Location     Type
		None
 Auto vars:     Size  Location     Type
		None
 Return value:  Size  Location     Type
                  2    2[COMMON] unsigned int 
 Registers used:
		wreg
 Tracked objects:
		On entry : 
		On exit  : 
		Unchanged: 
 Data sizes:     COMMON   BANK0   BANK1   BANK3   BANK2
      Params:         2       0       0       0       0
      Locals:         0       0       0       0       0
      Temps:          0       0       0       0       0
      Totals:         2       0       0       0       0
Total ram usage:        2 bytes
 Hardware stack levels used:    1
 Hardware stack levels required when called:    2
 This function calls:
		Nothing
 This function is called by:
		_main
 This function uses a non-reentrant model


 *************** function _T0_start *****************
 Defined at:
		line 42 in file "timers.c"
 Parameters:    Size  Location     Type
  c               2    2[COMMON] unsigned int 
 Auto vars:     Size  Location     Type
		None
 Return value:  Size  Location     Type
                  1    wreg      void 
 Registers used:
		wreg
 Tracked objects:
		On entry : 
		On exit  : 
		Unchanged: 
 Data sizes:     COMMON   BANK0   BANK1   BANK3   BANK2
      Params:         2       0       0       0       0
      Locals:         0       0       0       0       0
      Temps:          0       0       0       0       0
      Totals:         2       0       0       0       0
Total ram usage:        2 bytes
 Hardware stack levels used:    1
 Hardware stack levels required when called:    2
 This function calls:
		Nothing
 This function is called by:
		_main
 This function uses a non-reentrant model


 *************** function _T0_init *****************
 Defined at:
		line 21 in file "timers.c"
 Parameters:    Size  Location     Type
		None
 Auto vars:     Size  Location     Type
		None
 Return value:  Size  Location     Type
                  1    wreg      void 
 Registers used:
		wreg, status,2, status,0
 Tracked objects:
		On entry : 
		On exit  : 
		Unchanged: 
 Data sizes:     COMMON   BANK0   BANK1   BANK3   BANK2
      Params:         0       0       0       0       0
      Locals:         0       0       0       0       0
      Temps:          0       0       0       0       0
      Totals:         0       0       0       0       0
Total ram usage:        0 bytes
 Hardware stack levels used:    1
 Hardware stack levels required when called:    2
 This function calls:
		Nothing
 This function is called by:
		_main
 This function uses a non-reentrant model


 *************** function _isr *****************
 Defined at:
		line 7 in file "interrupt.c"
 Parameters:    Size  Location     Type
		None
 Auto vars:     Size  Location     Type
		None
 Return value:  Size  Location     Type
                  1    wreg      void 
 Registers used:
		wreg, status,2, status,0, pclath, cstack
 Tracked objects:
		On entry : 
		On exit  : 
		Unchanged: 
 Data sizes:     COMMON   BANK0   BANK1   BANK3   BANK2
      Params:         0       0       0       0       0
      Locals:         0       0       0       0       0
      Temps:          2       0       0       0       0
      Totals:         2       0       0       0       0
Total ram usage:        2 bytes
 Hardware stack levels used:    1
 Hardware stack levels required when called:    1
 This function calls:
		_T0_int
		_T1_int
		_T2_int
 This function is called by:
		Interrupt level 1
 This function uses a non-reentrant model


 *************** function _T2_int *****************
 Defined at:
		line 132 in file "timers.c"
 Parameters:    Size  Location     Type
		None
 Auto vars:     Size  Location     Type
		None
 Return value:  Size  Location     Type
                  1    wreg      void 
 Registers used:
		wreg, status,2, status,0
 Tracked objects:
		On entry : 
		On exit  : 
		Unchanged: 
 Data sizes:     COMMON   BANK0   BANK1   BANK3   BANK2
      Params:         0       0       0       0       0
      Locals:         0       0       0       0       0
      Temps:          0       0       0       0       0
      Totals:         0       0       0       0       0
Total ram usage:        0 bytes
 Hardware stack levels used:    1
 This function calls:
		Nothing
 This function is called by:
		_isr
 This function uses a non-reentrant model


 *************** function _T1_int *****************
 Defined at:
		line 80 in file "timers.c"
 Parameters:    Size  Location     Type
		None
 Auto vars:     Size  Location     Type
		None
 Return value:  Size  Location     Type
                  1    wreg      void 
 Registers used:
		wreg, status,2, status,0
 Tracked objects:
		On entry : 
		On exit  : 
		Unchanged: 
 Data sizes:     COMMON   BANK0   BANK1   BANK3   BANK2
      Params:         0       0       0       0       0
      Locals:         0       0       0       0       0
      Temps:          0       0       0       0       0
      Totals:         0       0       0       0       0
Total ram usage:        0 bytes
 Hardware stack levels used:    1
 This function calls:
		Nothing
 This function is called by:
		_isr
 This function uses a non-reentrant model


 *************** function _T0_int *****************
 Defined at:
		line 33 in file "timers.c"
 Parameters:    Size  Location     Type
		None
 Auto vars:     Size  Location     Type
		None
 Return value:  Size  Location     Type
                  1    wreg      void 
 Registers used:
		wreg, status,2, status,0
 Tracked objects:
		On entry : 
		On exit  : 
		Unchanged: 
 Data sizes:     COMMON   BANK0   BANK1   BANK3   BANK2
      Params:         0       0       0       0       0
      Locals:         0       0       0       0       0
      Temps:          0       0       0       0       0
      Totals:         0       0       0       0       0
Total ram usage:        0 bytes
 Hardware stack levels used:    1
 This function calls:
		Nothing
 This function is called by:
		_isr
 This function uses a non-reentrant model



MODULE INFORMATION

Module		Function		Class		Link	Load	Size
timers.c
		_T0_status     		CODE           	05DD	0000	9
		_T0_start      		CODE           	05C2	0000	11
		_T0_int        		CODE           	0590	0000	19
		_T1_int        		CODE           	0569	0000	21
		_T0_init       		CODE           	05A2	0000	17
		_T2_int        		CODE           	05B2	0000	17

timers.c estimated size: 94

delay.c
		_delay         		CODE           	0552	0000	24

delay.c estimated size: 24

C:\Program Files (x86)\Microchip\xc8\v2.00\pic\sources\c90\common\awmod.c
		___awmod       		CODE           	03E9	0000	100

C:\Program Files (x86)\Microchip\xc8\v2.00\pic\sources\c90\common\awmod.c estimated size: 100

tempo.c
		_habTemporizador		CODE           	05CC	0000	10
		_temporizar    		CODE           	025B	0000	145
		_resetTemporizador		CODE           	053B	0000	24

tempo.c estimated size: 179

C:\Program Files (x86)\Microchip\xc8\v2.00\pic\sources\c90\common\awdiv.c
		___awdiv       		CODE           	0376	0000	116

C:\Program Files (x86)\Microchip\xc8\v2.00\pic\sources\c90\common\awdiv.c estimated size: 116

interrupt.c
		_isr           		CODE           	04F8	0000	45

interrupt.c estimated size: 45

shared
		__stringtab    		STRING         	0524	0000	7
		__initialization		CODE           	000F	0000	12

shared estimated size: 19

lcd.c
		_lcd_lincol    		CODE           	057D	0000	20
		_lcd_dataReg   		CODE           	04C2	0000	55
		_lcd_print     		CODE           	048B	0000	56
		_lcd_instReg   		CODE           	02EB	0000	140
		_lcd_init      		CODE           	044C	0000	64
		_lcd_num       		CODE           	016D	0000	239

lcd.c estimated size: 574

botao.c
		_b0            		CODE           	05EB	0000	7
		_b1            		CODE           	05E5	0000	7
		_botao_init    		CODE           	05F1	0000	6

botao.c estimated size: 20

main.c
		_main          		CODE           	001E	0000	336

main.c estimated size: 336

