Microchip MPLAB XC8 Compiler V2.00 ()

Linker command line:

-W-3 --edf=C:\Program Files (x86)\Microchip\xc8\v2.00\pic\dat\en_msgs.txt \
  -cs -h+dist/default/production\Horimetro.X.production.sym \
  --cmf=dist/default/production\Horimetro.X.production.cmf -z -Q16F887 \
  -oC:\Users\211934~1.CFP\AppData\Local\Temp\s8qo.2 \
  -Mdist/default/production/Horimetro.X.production.map -E1 -ver=XC8 \
  --acfsm=1493 -ASTACK=0110h-016fh -pstack=STACK -ACODE=00h-07FFhx4 \
  -ASTRCODE=00h-01FFFh -ASTRING=00h-0FFhx32 -ACONST=00h-0FFhx32 \
  -AENTRY=00h-0FFhx32 -ACOMMON=070h-07Fh -ABANK0=020h-06Fh \
  -ABANK1=0A0h-0EFh -ABANK2=0110h-016Fh -ABANK3=0190h-01EFh \
  -ARAM=020h-06Fh,0A0h-0EFh,0110h-016Fh,0190h-01EFh \
  -AABS1=020h-07Fh,0A0h-0EFh,0110h-016Fh,0190h-01EFh -ASFR0=00h-01Fh \
  -ASFR1=080h-09Fh -ASFR2=0100h-010Fh -ASFR3=0180h-018Fh \
  -preset_vec=00h,intentry=04h,init,end_init -ppowerup=CODE -pcinit=CODE \
  -pfunctab=ENTRY -ACONFIG=02007h-02008h -pconfig=CONFIG -DCONFIG=2 \
  -AIDLOC=02000h-02003h -pidloc=IDLOC -DIDLOC=2 -AEEDATA=00h-0FFh/02100h \
  -peeprom_data=EEDATA -DEEDATA=2 -DCODE=2 -DSTRCODE=2 -DSTRING=2 -DCONST=2 \
  -DENTRY=2 -k C:\Users\211934~1.CFP\AppData\Local\Temp\s8qo.o \
  dist/default/production\Horimetro.X.production.o 

Object code version is 3.11

Machine type is 16F887



                Name                               Link     Load   Length Selector   Space Scale
C:\Users\211934~1.CFP\AppData\Local\Temp\s8qo.o
                end_init                              C        C        3        8       0
                reset_vec                             0        0        3        0       0
                config                             2007     2007        2     400E       0
dist/default/production\Horimetro.X.production.o
                cinit                                 F        F       19        8       0
                intentry                              4        4        8        8       0
                text27                              FEE      FEE       12     1FDC       0
                text26                              7CA      7CA       14      EDE       0
                text25                              FCE      FCE       10     1F9C       0
                text24                              718      718       2C        8       0
                text23                              7F1      7F1        F      EDE       0
                text22                              FDE      FDE       10     1FBC       0
                text21                              F9C      F9C        A     1F38       0
                text20                              F83      F83        8     1F06       0
                text19                              FA6      FA6        A     1F4C       0
                text18                              FB0      FB0        A     1F60       0
                text17                              FBA      FBA        A     1F74       0
                text16                              FC4      FC4        A     1F88       0
                text15                              F93      F93        9     1F26       0
                text14                              79F      79F       17      EDE       0
                text13                              524      524       7C        8       0
                text12                              676      676       3F        8       0
                text11                              5A0      5A0       73        8       0
                text10                              613      613       63        8       0
                text9                               6EC      6EC       2C        8       0
                text8                               7DE      7DE       13      EDE       0
                text7                               358      358       EE        8       0
                text6                               6B5      6B5       37        8       0
                text5                               788      788       17      EDE       0
                text4                               F7C      F7C        7     1EF8       0
                text3                               7B6      7B6       14      EDE       0
                text2                               76F      76F       19      EDE       0
                text1                               446      446       DE        8       0
                maintext                             28       28      330        8       0
                cstackBANK0                          40       40       15       20       1
                cstackCOMMON                         70       70        A       70       1
                clrtext                             F8B      F8B        8     1F16       0
                bssBANK0                             20       20       20       20       1
                dataCOMMON                           7A       7A        2       70       1
                strings                             744      744       2B      E88       0
                idataCOMMON                         F7A      F7A        2     1EF4       0

TOTAL           Name                               Link     Load   Length     Space
        CLASS   STACK          

        CLASS   CODE           
                end_init                              C        C        3         0
                cinit                                 F        F       19         0
                intentry                              4        4        8         0
                reset_vec                             0        0        3         0
                text27                              FEE      FEE       12         0
                text26                              7CA      7CA       14         0
                text25                              FCE      FCE       10         0
                text24                              718      718       2C         0
                text23                              7F1      7F1        F         0
                text22                              FDE      FDE       10         0
                text21                              F9C      F9C        A         0
                text20                              F83      F83        8         0
                text19                              FA6      FA6        A         0
                text18                              FB0      FB0        A         0
                text17                              FBA      FBA        A         0
                text16                              FC4      FC4        A         0
                text15                              F93      F93        9         0
                text14                              79F      79F       17         0
                text13                              524      524       7C         0
                text12                              676      676       3F         0
                text11                              5A0      5A0       73         0
                text10                              613      613       63         0
                text9                               6EC      6EC       2C         0
                text8                               7DE      7DE       13         0
                text7                               358      358       EE         0
                text6                               6B5      6B5       37         0
                text5                               788      788       17         0
                text4                               F7C      F7C        7         0
                text3                               7B6      7B6       14         0
                text2                               76F      76F       19         0
                text1                               446      446       DE         0
                maintext                             28       28      330         0
                clrtext                             F8B      F8B        8         0
                idataCOMMON                         F7A      F7A        2         0

        CLASS   STRCODE        

        CLASS   STRING         
                strings                             744      744       2B         0

        CLASS   CONST          

        CLASS   ENTRY          

        CLASS   COMMON         
                cstackCOMMON                         70       70        A         1
                dataCOMMON                           7A       7A        2         1

        CLASS   BANK0          
                cstackBANK0                          40       40       15         1
                bssBANK0                             20       20       20         1

        CLASS   BANK1          

        CLASS   BANK2          

        CLASS   BANK3          

        CLASS   RAM            

        CLASS   ABS1           
                abs_s1                               7E       7E        2         1

        CLASS   SFR0           

        CLASS   SFR1           

        CLASS   SFR2           

        CLASS   SFR3           

        CLASS   CONFIG         
                config                             2007     2007        2         0

        CLASS   IDLOC          

        CLASS   EEDATA         



SEGMENTS        Name                           Load    Length   Top    Selector   Space  Class     Delta

                reset_vec                      000000  000003  000003         0       0  CODE        2
                intentry                       000004  000740  000744         8       0  CODE        2
                bssBANK0                       000020  000035  000055        20       1  BANK0       1
                cstackCOMMON                   000070  00000C  00007C        70       1  COMMON      1
                strings                        000744  00002B  00076F       E88       0  STRING      2
                text2                          00076F  000091  000800       EDE       0  CODE        2
                idataCOMMON                    000F7A  000002  000F7C      1EF4       0  CODE        2
                text4                          000F7C  000007  000F83      1EF8       0  CODE        2
                text20                         000F83  000008  000F8B      1F06       0  CODE        2
                clrtext                        000F8B  000008  000F93      1F16       0  CODE        2
                text15                         000F93  000009  000F9C      1F26       0  CODE        2
                text21                         000F9C  00000A  000FA6      1F38       0  CODE        2
                text19                         000FA6  00000A  000FB0      1F4C       0  CODE        2
                text18                         000FB0  00000A  000FBA      1F60       0  CODE        2
                text17                         000FBA  00000A  000FC4      1F74       0  CODE        2
                text16                         000FC4  00000A  000FCE      1F88       0  CODE        2
                text25                         000FCE  000010  000FDE      1F9C       0  CODE        2
                text22                         000FDE  000010  000FEE      1FBC       0  CODE        2
                text27                         000FEE  000012  001000      1FDC       0  CODE        2
                config                         002007  000002  002009      400E       0  CONFIG      2


UNUSED ADDRESS RANGES

        Name                Unused          Largest block    Delta
        BANK0            0055-006F             1B           1
        BANK1            00A0-00EF             50           1
        BANK2            0110-016F             60           1
        BANK3            0190-01EF             60           1
        CODE             0003-0003              1           2
                         0800-0F79            77A
                         1000-1FFF            800
        COMMON           007C-007D              2           1
        CONST            0003-0003              1           2
                         0800-0F79            100
                         1000-1FFF            100
        EEDATA           2100-21FF            100           2
        ENTRY            0003-0003              1           2
                         0800-0F79            100
                         1000-1FFF            100
        IDLOC            2000-2003              4           2
        RAM              0055-006F             1B           1
                         00A0-00EF             50
                         0110-016F             60
                         0190-01EF             60
        SFR0             0000-001F             20           1
        SFR1             0080-009F             20           1
        SFR2             0100-010F             10           1
        SFR3             0180-018F             10           1
        STACK            0110-016F             60           1
        STRCODE          0003-0003              1           2
                         0800-0F79            77A
                         1000-1FFF           1000
        STRING           0003-0003              1           2
                         0800-0F79            100
                         1000-1FFF            100

                                  Symbol Table

?_T0_status                 cstackCOMMON 0072
?___awdiv                   cstackCOMMON 0072
?___awmod                   cstackCOMMON 0072
EEPROM_read@addr            cstackCOMMON 0072
EEPROM_write@addr           cstackCOMMON 0078
EEPROM_write@data           cstackCOMMON 0077
T0_start@c                  cstackCOMMON 0072
_ANSEL                      (abs)        0188
_ANSELH                     (abs)        0189
_EEADR                      (abs)        010D
_EEADRH                     (abs)        010F
_EECON1bits                 (abs)        018C
_EECON2                     (abs)        018D
_EEDAT                      (abs)        010C
_EEPROM_read                text23       07F1
_EEPROM_write               text2        076F
_INTCONbits                 (abs)        000B
_OPTION_REGbits             (abs)        0081
_PIE1bits                   (abs)        008C
_PIR1bits                   (abs)        000C
_PORTAbits                  (abs)        0005
_PORTB                      (abs)        0006
_PORTD                      (abs)        0008
_PORTDbits                  (abs)        0008
_PR2                        (abs)        0092
_T0_init                    text22       0FDE
_T0_int                     text27       0FEE
_T0_start                   text21       0F9C
_T0_status                  text20       0F83
_T0count                    bssBANK0     0024
_T1CONbits                  (abs)        0010
_T1_int                     text26       07CA
_T1count                    bssBANK0     0022
_T2CONbits                  (abs)        0012
_T2_int                     text25       0FCE
_T2count                    bssBANK0     0020
_TMR0                       (abs)        0001
_TMR1H                      (abs)        000F
_TMR1L                      (abs)        000E
_TMR2                       (abs)        0011
_TRISAbits                  (abs)        0085
_TRISB                      (abs)        0086
_TRISDbits                  (abs)        0088
_WPUB                       (abs)        0095
__CFG_BOR4V$BOR40V          (abs)        0000
__CFG_BOREN$OFF             (abs)        0000
__CFG_CP$OFF                (abs)        0000
__CFG_CPD$OFF               (abs)        0000
__CFG_FCMEN$OFF             (abs)        0000
__CFG_FOSC$INTRC_NOCLKOUT   (abs)        0000
__CFG_IESO$OFF              (abs)        0000
__CFG_LVP$OFF               (abs)        0000
__CFG_MCLRE$OFF             (abs)        0000
__CFG_PWRTE$OFF             (abs)        0000
__CFG_WDTE$OFF              (abs)        0000
__CFG_WRT$OFF               (abs)        0000
__Habs1                     abs1         0000
__Hbank0                    bank0        0000
__Hbank1                    bank1        0000
__Hbank2                    bank2        0000
__Hbank3                    bank3        0000
__HbssBANK0                 bssBANK0     0000
__Hcinit                    cinit        0028
__Hclrtext                  clrtext      0000
__Hcode                     code         0000
__Hcommon                   common       0000
__Hconfig                   config       2009
__HcstackBANK0              cstackBANK0  0000
__HcstackCOMMON             cstackCOMMON 0000
__HdataCOMMON               dataCOMMON   0000
__Heeprom_data              eeprom_data  0000
__Hend_init                 end_init     000F
__Hfunctab                  functab      0000
__HidataCOMMON              idataCOMMON  0000
__Hidloc                    idloc        0000
__Hinit                     init         000C
__Hintentry                 intentry     000C
__Hmaintext                 maintext     0000
__Hpowerup                  powerup      0000
__Hram                      ram          0000
__Hreset_vec                reset_vec    0003
__Hsfr0                     sfr0         0000
__Hsfr1                     sfr1         0000
__Hsfr2                     sfr2         0000
__Hsfr3                     sfr3         0000
__Hspace_0                  (abs)        2009
__Hspace_1                  (abs)        007C
__Hspace_2                  (abs)        0000
__Hspace_3                  (abs)        0000
__Hstack                    stack        0000
__Hstrings                  strings      0000
__Htext                     text         0000
__Labs1                     abs1         0000
__Lbank0                    bank0        0000
__Lbank1                    bank1        0000
__Lbank2                    bank2        0000
__Lbank3                    bank3        0000
__LbssBANK0                 bssBANK0     0000
__Lcinit                    cinit        000F
__Lclrtext                  clrtext      0000
__Lcode                     code         0000
__Lcommon                   common       0000
__Lconfig                   config       2007
__LcstackBANK0              cstackBANK0  0000
__LcstackCOMMON             cstackCOMMON 0000
__LdataCOMMON               dataCOMMON   0000
__Leeprom_data              eeprom_data  0000
__Lend_init                 end_init     000C
__Lfunctab                  functab      0000
__LidataCOMMON              idataCOMMON  0000
__Lidloc                    idloc        0000
__Linit                     init         000C
__Lintentry                 intentry     0004
__Lmaintext                 maintext     0000
__Lpowerup                  powerup      0000
__Lram                      ram          0000
__Lreset_vec                reset_vec    0000
__Lsfr0                     sfr0         0000
__Lsfr1                     sfr1         0000
__Lsfr2                     sfr2         0000
__Lsfr3                     sfr3         0000
__Lspace_0                  (abs)        0000
__Lspace_1                  (abs)        0000
__Lspace_2                  (abs)        0000
__Lspace_3                  (abs)        0000
__Lstack                    stack        0000
__Lstrings                  strings      0000
__Ltext                     text         0000
__S0                        (abs)        2009
__S1                        (abs)        007C
__S2                        (abs)        0000
__S3                        (abs)        0000
___awdiv                    text11       05A0
___awdiv@counter            cstackBANK0  0040
___awdiv@dividend           cstackCOMMON 0074
___awdiv@divisor            cstackCOMMON 0072
___awdiv@quotient           cstackBANK0  0042
___awdiv@sign               cstackBANK0  0041
___awmod                    text10       0613
___awmod@counter            cstackCOMMON 0077
___awmod@dividend           cstackCOMMON 0074
___awmod@divisor            cstackCOMMON 0072
___awmod@sign               cstackCOMMON 0078
___int_sp                   stack        0000
___latbits                  (abs)        0002
___sp                       stack        0000
__end_of_EEPROM_read        text23       0800
__end_of_EEPROM_write       text2        0788
__end_of_T0_init            text22       0FEE
__end_of_T0_int             text27       1000
__end_of_T0_start           text21       0FA6
__end_of_T0_status          text20       0F8B
__end_of_T1_int             text26       07DE
__end_of_T2_int             text25       0FDE
__end_of___awdiv            text11       0613
__end_of___awmod            text10       0676
__end_of__initialization    cinit        0024
__end_of__stringtab         strings      074A
__end_of_b0                 text19       0FB0
__end_of_b1                 text18       0FBA
__end_of_b2                 text17       0FC4
__end_of_b3                 text16       0FCE
__end_of_botao_init         text4        0F83
__end_of_delay              text14       07B6
__end_of_habTemporizador    text15       0F9C
__end_of_isr                text24       0744
__end_of_lcd_dataReg        text9        0718
__end_of_lcd_init           text12       06B5
__end_of_lcd_instReg        text13       05A0
__end_of_lcd_lincol         text8        07F1
__end_of_lcd_num            text7        0446
__end_of_lcd_print          text6        06EC
__end_of_main               maintext     0358
__end_of_resetTemporizador  text5        079F
__end_of_tecladoMatriz      strings      075A
__end_of_teclado_init       text3        07CA
__end_of_temporizar         text1        0524
__initialization            cinit        000F
__pbssBANK0                 bssBANK0     0020
__pcstackBANK0              cstackBANK0  0040
__pcstackCOMMON             cstackCOMMON 0070
__pdataCOMMON               dataCOMMON   007A
__pidataCOMMON              idataCOMMON  0F7A
__pintentry                 intentry     0004
__pmaintext                 maintext     0028
__pstrings                  strings      0744
__ptext1                    text1        0446
__ptext10                   text10       0613
__ptext11                   text11       05A0
__ptext12                   text12       0676
__ptext13                   text13       0524
__ptext14                   text14       079F
__ptext15                   text15       0F93
__ptext16                   text16       0FC4
__ptext17                   text17       0FBA
__ptext18                   text18       0FB0
__ptext19                   text19       0FA6
__ptext2                    text2        076F
__ptext20                   text20       0F83
__ptext21                   text21       0F9C
__ptext22                   text22       0FDE
__ptext23                   text23       07F1
__ptext24                   text24       0718
__ptext25                   text25       0FCE
__ptext26                   text26       07CA
__ptext27                   text27       0FEE
__ptext3                    text3        07B6
__ptext4                    text4        0F7C
__ptext5                    text5        0788
__ptext6                    text6        06B5
__ptext7                    text7        0358
__ptext8                    text8        07DE
__ptext9                    text9        06EC
__size_of_EEPROM_read       (abs)        0000
__size_of_EEPROM_write      (abs)        0000
__size_of_T0_init           (abs)        0000
__size_of_T0_int            (abs)        0000
__size_of_T0_start          (abs)        0000
__size_of_T0_status         (abs)        0000
__size_of_T1_int            (abs)        0000
__size_of_T2_int            (abs)        0000
__size_of___awdiv           (abs)        0000
__size_of___awmod           (abs)        0000
__size_of_b0                (abs)        0000
__size_of_b1                (abs)        0000
__size_of_b2                (abs)        0000
__size_of_b3                (abs)        0000
__size_of_botao_init        (abs)        0000
__size_of_delay             (abs)        0000
__size_of_habTemporizador   (abs)        0000
__size_of_isr               (abs)        0000
__size_of_lcd_dataReg       (abs)        0000
__size_of_lcd_init          (abs)        0000
__size_of_lcd_instReg       (abs)        0000
__size_of_lcd_lincol        (abs)        0000
__size_of_lcd_num           (abs)        0000
__size_of_lcd_print         (abs)        0000
__size_of_main              (abs)        0000
__size_of_resetTemporizador (abs)        0000
__size_of_teclado_init      (abs)        0000
__size_of_temporizar        (abs)        0000
__stringbase                strings      0749
__stringtab                 strings      0744
_b0                         text19       0FA6
_b0Anterior                 dataCOMMON   007B
_b1                         text18       0FB0
_b1Anterior                 dataCOMMON   007A
_b2                         text17       0FBA
_b2Anterior                 bssBANK0     0027
_b3                         text16       0FC4
_b3Anterior                 bssBANK0     0026
_botao_init                 text4        0F7C
_delay                      text14       079F
_habTemporizador            text15       0F93
_isr                        text24       0718
_lcd_dataReg                text9        06EC
_lcd_init                   text12       0676
_lcd_instReg                text13       0524
_lcd_lincol                 text8        07DE
_lcd_num                    text7        0358
_lcd_print                  text6        06B5
_main                       maintext     0028
_resetTemporizador          text5        0788
_tecladoMatriz              strings      074A
_teclado_init               text3        07B6
_tempo                      bssBANK0     0028
_temporizar                 text1        0446
btemp                       (abs)        007E
clear_ram0                  clrtext      0F8B
delay@t                     cstackCOMMON 0072
end_of_initialization       cinit        0024
habTemporizador@h           cstackCOMMON 0072
habTemporizador@t           cstackCOMMON 0074
interrupt_function          intentry     0004
intlevel0                   functab      0000
intlevel1                   functab      0000
intlevel2                   functab      0000
intlevel3                   functab      0000
intlevel4                   functab      0000
intlevel5                   functab      0000
lcd_dataReg@d               cstackCOMMON 0074
lcd_instReg@i               cstackCOMMON 0074
lcd_lincol@col              cstackCOMMON 0075
lcd_lincol@lin              cstackCOMMON 0077
lcd_num@col                 cstackBANK0  0044
lcd_num@div                 cstackBANK0  004E
lcd_num@lin                 cstackBANK0  004B
lcd_num@num                 cstackBANK0  0045
lcd_num@sinal               cstackBANK0  004D
lcd_num@size                cstackBANK0  004C
lcd_num@tam                 cstackBANK0  0047
lcd_print@col               cstackCOMMON 0078
lcd_print@lin               cstackBANK0  0042
lcd_print@pos               cstackBANK0  0041
lcd_print@str               cstackCOMMON 0079
main@i                      cstackBANK0  0054
resetTemporizador@t         cstackCOMMON 0072
reset_vec                   reset_vec    0000
saved_w                     (abs)        007E
stackhi                     (abs)        0000
stacklo                     (abs)        0000
start                       init         000C
start_initialization        cinit        000F
temporizar@adrs             cstackBANK0  0044
temporizar@t                cstackCOMMON 0079
wtemp0                      (abs)        007E


FUNCTION INFORMATION:

 *************** function _main *****************
 Defined at:
		line 21 in file "main.c"
 Parameters:    Size  Location     Type
		None
 Auto vars:     Size  Location     Type
  i               1   20[BANK0 ] unsigned char 
 Return value:  Size  Location     Type
                  1    wreg      void 
 Registers used:
		wreg, fsr0l, fsr0h, status,2, status,0, btemp+1, pclath, cstack
 Tracked objects:
		On entry : 
		On exit  : 
		Unchanged: 
 Data sizes:     COMMON   BANK0   BANK1   BANK3   BANK2
      Params:         0       0       0       0       0
      Locals:         0       1       0       0       0
      Temps:          0       4       0       0       0
      Totals:         0       5       0       0       0
Total ram usage:        5 bytes
 Hardware stack levels required when called:    5
 This function calls:
		_EEPROM_read
		_EEPROM_write
		_T0_init
		_T0_start
		_T0_status
		_b0
		_b1
		_b2
		_b3
		_botao_init
		_delay
		_habTemporizador
		_lcd_init
		_lcd_num
		_lcd_print
		_resetTemporizador
		_teclado_init
		_temporizar
 This function is called by:
		Startup code after reset
 This function uses a non-reentrant model


 *************** function _temporizar *****************
 Defined at:
		line 40 in file "tempo.c"
 Parameters:    Size  Location     Type
  t               1    wreg     PTR struct temporizadorT
		 -> tempo(24), 
  adrs            1    4[BANK0 ] unsigned char 
 Auto vars:     Size  Location     Type
  t               1    9[COMMON] PTR struct temporizadorT
		 -> tempo(24), 
 Return value:  Size  Location     Type
                  1    wreg      void 
 Registers used:
		wreg, fsr0l, fsr0h, status,2, status,0, pclath, cstack
 Tracked objects:
		On entry : 
		On exit  : 
		Unchanged: 
 Data sizes:     COMMON   BANK0   BANK1   BANK3   BANK2
      Params:         0       1       0       0       0
      Locals:         1       0       0       0       0
      Temps:          0       4       0       0       0
      Totals:         1       5       0       0       0
Total ram usage:        6 bytes
 Hardware stack levels used:    1
 Hardware stack levels required when called:    3
 This function calls:
		_EEPROM_write
		___awdiv
		___awmod
 This function is called by:
		_main
 This function uses a non-reentrant model


 *************** function _EEPROM_write *****************
 Defined at:
		line 13 in file "eeprom.c"
 Parameters:    Size  Location     Type
  addr            1    wreg     unsigned char 
  data            1    7[COMMON] unsigned char 
 Auto vars:     Size  Location     Type
  addr            1    8[COMMON] unsigned char 
 Return value:  Size  Location     Type
                  1    wreg      void 
 Registers used:
		wreg
 Tracked objects:
		On entry : 
		On exit  : 
		Unchanged: 
 Data sizes:     COMMON   BANK0   BANK1   BANK3   BANK2
      Params:         1       0       0       0       0
      Locals:         1       0       0       0       0
      Temps:          0       0       0       0       0
      Totals:         2       0       0       0       0
Total ram usage:        2 bytes
 Hardware stack levels used:    1
 Hardware stack levels required when called:    2
 This function calls:
		Nothing
 This function is called by:
		_main
		_temporizar
 This function uses a non-reentrant model


 *************** function _teclado_init *****************
 Defined at:
		line 11 in file "teclado.c"
 Parameters:    Size  Location     Type
		None
 Auto vars:     Size  Location     Type
		None
 Return value:  Size  Location     Type
                  1    wreg      void 
 Registers used:
		wreg, status,2, status,0, pclath, cstack
 Tracked objects:
		On entry : 
		On exit  : 
		Unchanged: 
 Data sizes:     COMMON   BANK0   BANK1   BANK3   BANK2
      Params:         0       0       0       0       0
      Locals:         0       0       0       0       0
      Temps:          0       0       0       0       0
      Totals:         0       0       0       0       0
Total ram usage:        0 bytes
 Hardware stack levels used:    1
 Hardware stack levels required when called:    3
 This function calls:
		_botao_init
 This function is called by:
		_main
 This function uses a non-reentrant model


 *************** function _botao_init *****************
 Defined at:
		line 11 in file "botao.c"
 Parameters:    Size  Location     Type
		None
 Auto vars:     Size  Location     Type
		None
 Return value:  Size  Location     Type
                  1    wreg      void 
 Registers used:
		None
 Tracked objects:
		On entry : 
		On exit  : 
		Unchanged: 
 Data sizes:     COMMON   BANK0   BANK1   BANK3   BANK2
      Params:         0       0       0       0       0
      Locals:         0       0       0       0       0
      Temps:          0       0       0       0       0
      Totals:         0       0       0       0       0
Total ram usage:        0 bytes
 Hardware stack levels used:    1
 Hardware stack levels required when called:    2
 This function calls:
		Nothing
 This function is called by:
		_main
		_teclado_init
 This function uses a non-reentrant model


 *************** function _resetTemporizador *****************
 Defined at:
		line 70 in file "tempo.c"
 Parameters:    Size  Location     Type
  t               1    wreg     PTR struct temporizadorT
		 -> tempo(24), 
 Auto vars:     Size  Location     Type
  t               1    2[COMMON] PTR struct temporizadorT
		 -> tempo(24), 
 Return value:  Size  Location     Type
                  1    wreg      void 
 Registers used:
		wreg, fsr0l, fsr0h, status,2, status,0
 Tracked objects:
		On entry : 
		On exit  : 
		Unchanged: 
 Data sizes:     COMMON   BANK0   BANK1   BANK3   BANK2
      Params:         0       0       0       0       0
      Locals:         1       0       0       0       0
      Temps:          0       0       0       0       0
      Totals:         1       0       0       0       0
Total ram usage:        1 bytes
 Hardware stack levels used:    1
 Hardware stack levels required when called:    2
 This function calls:
		Nothing
 This function is called by:
		_main
 This function uses a non-reentrant model


 *************** function _lcd_print *****************
 Defined at:
		line 158 in file "lcd.c"
 Parameters:    Size  Location     Type
  lin             1    wreg     unsigned char 
  col             1    8[COMMON] unsigned char 
  str             1    9[COMMON] PTR const unsigned char 
		 -> STR_8(2), STR_7(2), STR_6(2), STR_5(2), 
		 -> STR_4(2), STR_3(2), STR_2(17), STR_1(17), 
 Auto vars:     Size  Location     Type
  lin             1    2[BANK0 ] unsigned char 
  pos             1    1[BANK0 ] unsigned char 
 Return value:  Size  Location     Type
                  1    wreg      void 
 Registers used:
		wreg, fsr0l, fsr0h, status,2, status,0, pclath, cstack
 Tracked objects:
		On entry : 
		On exit  : 
		Unchanged: 
 Data sizes:     COMMON   BANK0   BANK1   BANK3   BANK2
      Params:         2       0       0       0       0
      Locals:         0       2       0       0       0
      Temps:          0       1       0       0       0
      Totals:         2       3       0       0       0
Total ram usage:        5 bytes
 Hardware stack levels used:    1
 Hardware stack levels required when called:    4
 This function calls:
		_lcd_dataReg
		_lcd_lincol
 This function is called by:
		_main
 This function uses a non-reentrant model


 *************** function _lcd_num *****************
 Defined at:
		line 180 in file "lcd.c"
 Parameters:    Size  Location     Type
  lin             1    wreg     unsigned char 
  col             1    4[BANK0 ] unsigned char 
  num             2    5[BANK0 ] int 
  tam             1    7[BANK0 ] unsigned char 
 Auto vars:     Size  Location     Type
  lin             1   11[BANK0 ] unsigned char 
  div             2   14[BANK0 ] int 
  sinal           1   13[BANK0 ] unsigned char 
  size            1   12[BANK0 ] unsigned char 
 Return value:  Size  Location     Type
                  1    wreg      void 
 Registers used:
		wreg, status,2, status,0, btemp+1, pclath, cstack
 Tracked objects:
		On entry : 
		On exit  : 
		Unchanged: 
 Data sizes:     COMMON   BANK0   BANK1   BANK3   BANK2
      Params:         0       4       0       0       0
      Locals:         0       5       0       0       0
      Temps:          0       3       0       0       0
      Totals:         0      12       0       0       0
Total ram usage:       12 bytes
 Hardware stack levels used:    1
 Hardware stack levels required when called:    4
 This function calls:
		___awdiv
		___awmod
		_lcd_dataReg
		_lcd_lincol
 This function is called by:
		_main
 This function uses a non-reentrant model


 *************** function _lcd_lincol *****************
 Defined at:
		line 113 in file "lcd.c"
 Parameters:    Size  Location     Type
  lin             1    wreg     unsigned char 
  col             1    5[COMMON] unsigned char 
 Auto vars:     Size  Location     Type
  lin             1    7[COMMON] unsigned char 
 Return value:  Size  Location     Type
                  1    wreg      void 
 Registers used:
		wreg, status,2, status,0, pclath, cstack
 Tracked objects:
		On entry : 
		On exit  : 
		Unchanged: 
 Data sizes:     COMMON   BANK0   BANK1   BANK3   BANK2
      Params:         1       0       0       0       0
      Locals:         1       0       0       0       0
      Temps:          1       0       0       0       0
      Totals:         3       0       0       0       0
Total ram usage:        3 bytes
 Hardware stack levels used:    1
 Hardware stack levels required when called:    3
 This function calls:
		_lcd_instReg
 This function is called by:
		_lcd_print
		_lcd_num
 This function uses a non-reentrant model


 *************** function _lcd_dataReg *****************
 Defined at:
		line 95 in file "lcd.c"
 Parameters:    Size  Location     Type
  d               1    wreg     unsigned char 
 Auto vars:     Size  Location     Type
  d               1    4[COMMON] unsigned char 
 Return value:  Size  Location     Type
                  1    wreg      void 
 Registers used:
		wreg, status,2, status,0
 Tracked objects:
		On entry : 
		On exit  : 
		Unchanged: 
 Data sizes:     COMMON   BANK0   BANK1   BANK3   BANK2
      Params:         0       0       0       0       0
      Locals:         1       0       0       0       0
      Temps:          2       0       0       0       0
      Totals:         3       0       0       0       0
Total ram usage:        3 bytes
 Hardware stack levels used:    1
 Hardware stack levels required when called:    2
 This function calls:
		Nothing
 This function is called by:
		_lcd_print
		_lcd_num
 This function uses a non-reentrant model


 *************** function ___awmod *****************
 Defined at:
		line 5 in file "C:\Program Files (x86)\Microchip\xc8\v2.00\pic\sources\c90\common\awmod.c"
 Parameters:    Size  Location     Type
  divisor         2    2[COMMON] int 
  dividend        2    4[COMMON] int 
 Auto vars:     Size  Location     Type
  sign            1    8[COMMON] unsigned char 
  counter         1    7[COMMON] unsigned char 
 Return value:  Size  Location     Type
                  2    2[COMMON] int 
 Registers used:
		wreg, status,2, status,0
 Tracked objects:
		On entry : 
		On exit  : 
		Unchanged: 
 Data sizes:     COMMON   BANK0   BANK1   BANK3   BANK2
      Params:         4       0       0       0       0
      Locals:         2       0       0       0       0
      Temps:          1       0       0       0       0
      Totals:         7       0       0       0       0
Total ram usage:        7 bytes
 Hardware stack levels used:    1
 Hardware stack levels required when called:    2
 This function calls:
		Nothing
 This function is called by:
		_lcd_num
		_temporizar
		_temporizar0
 This function uses a non-reentrant model


 *************** function ___awdiv *****************
 Defined at:
		line 5 in file "C:\Program Files (x86)\Microchip\xc8\v2.00\pic\sources\c90\common\awdiv.c"
 Parameters:    Size  Location     Type
  divisor         2    2[COMMON] int 
  dividend        2    4[COMMON] int 
 Auto vars:     Size  Location     Type
  quotient        2    2[BANK0 ] int 
  sign            1    1[BANK0 ] unsigned char 
  counter         1    0[BANK0 ] unsigned char 
 Return value:  Size  Location     Type
                  2    2[COMMON] int 
 Registers used:
		wreg, status,2, status,0
 Tracked objects:
		On entry : 
		On exit  : 
		Unchanged: 
 Data sizes:     COMMON   BANK0   BANK1   BANK3   BANK2
      Params:         4       0       0       0       0
      Locals:         0       4       0       0       0
      Temps:          1       0       0       0       0
      Totals:         5       4       0       0       0
Total ram usage:        9 bytes
 Hardware stack levels used:    1
 Hardware stack levels required when called:    2
 This function calls:
		Nothing
 This function is called by:
		_lcd_num
		_temporizar
 This function uses a non-reentrant model


 *************** function _lcd_init *****************
 Defined at:
		line 123 in file "lcd.c"
 Parameters:    Size  Location     Type
		None
 Auto vars:     Size  Location     Type
		None
 Return value:  Size  Location     Type
                  1    wreg      void 
 Registers used:
		wreg, status,2, status,0, pclath, cstack
 Tracked objects:
		On entry : 
		On exit  : 
		Unchanged: 
 Data sizes:     COMMON   BANK0   BANK1   BANK3   BANK2
      Params:         0       0       0       0       0
      Locals:         0       0       0       0       0
      Temps:          0       0       0       0       0
      Totals:         0       0       0       0       0
Total ram usage:        0 bytes
 Hardware stack levels used:    1
 Hardware stack levels required when called:    3
 This function calls:
		_delay
		_lcd_instReg
 This function is called by:
		_main
 This function uses a non-reentrant model


 *************** function _lcd_instReg *****************
 Defined at:
		line 60 in file "lcd.c"
 Parameters:    Size  Location     Type
  i               1    wreg     unsigned char 
 Auto vars:     Size  Location     Type
  i               1    4[COMMON] unsigned char 
 Return value:  Size  Location     Type
                  1    wreg      void 
 Registers used:
		wreg, status,2, status,0
 Tracked objects:
		On entry : 
		On exit  : 
		Unchanged: 
 Data sizes:     COMMON   BANK0   BANK1   BANK3   BANK2
      Params:         0       0       0       0       0
      Locals:         1       0       0       0       0
      Temps:          2       0       0       0       0
      Totals:         3       0       0       0       0
Total ram usage:        3 bytes
 Hardware stack levels used:    1
 Hardware stack levels required when called:    2
 This function calls:
		Nothing
 This function is called by:
		_lcd_lincol
		_lcd_init
		_lcd_clr
 This function uses a non-reentrant model


 *************** function _delay *****************
 Defined at:
		line 7 in file "delay.c"
 Parameters:    Size  Location     Type
  t               2    2[COMMON] unsigned int 
 Auto vars:     Size  Location     Type
		None
 Return value:  Size  Location     Type
                  1    wreg      void 
 Registers used:
		wreg, status,2, status,0
 Tracked objects:
		On entry : 
		On exit  : 
		Unchanged: 
 Data sizes:     COMMON   BANK0   BANK1   BANK3   BANK2
      Params:         2       0       0       0       0
      Locals:         0       0       0       0       0
      Temps:          1       0       0       0       0
      Totals:         3       0       0       0       0
Total ram usage:        3 bytes
 Hardware stack levels used:    1
 Hardware stack levels required when called:    2
 This function calls:
		Nothing
 This function is called by:
		_main
		_lcd_init
 This function uses a non-reentrant model


 *************** function _habTemporizador *****************
 Defined at:
		line 65 in file "tempo.c"
 Parameters:    Size  Location     Type
  t               1    wreg     PTR struct temporizadorT
		 -> tempo(24), 
  h               1    2[COMMON] unsigned char 
 Auto vars:     Size  Location     Type
  t               1    4[COMMON] PTR struct temporizadorT
		 -> tempo(24), 
 Return value:  Size  Location     Type
                  1    wreg      void 
 Registers used:
		wreg, fsr0l, fsr0h
 Tracked objects:
		On entry : 
		On exit  : 
		Unchanged: 
 Data sizes:     COMMON   BANK0   BANK1   BANK3   BANK2
      Params:         1       0       0       0       0
      Locals:         1       0       0       0       0
      Temps:          1       0       0       0       0
      Totals:         3       0       0       0       0
Total ram usage:        3 bytes
 Hardware stack levels used:    1
 Hardware stack levels required when called:    2
 This function calls:
		Nothing
 This function is called by:
		_main
 This function uses a non-reentrant model


 *************** function _b3 *****************
 Defined at:
		line 128 in file "botao.c"
 Parameters:    Size  Location     Type
		None
 Auto vars:     Size  Location     Type
		None
 Return value:  Size  Location     Type
                  1    wreg      unsigned char 
 Registers used:
		wreg, status,0
 Tracked objects:
		On entry : 
		On exit  : 
		Unchanged: 
 Data sizes:     COMMON   BANK0   BANK1   BANK3   BANK2
      Params:         0       0       0       0       0
      Locals:         0       0       0       0       0
      Temps:          0       0       0       0       0
      Totals:         0       0       0       0       0
Total ram usage:        0 bytes
 Hardware stack levels used:    1
 Hardware stack levels required when called:    2
 This function calls:
		Nothing
 This function is called by:
		_main
 This function uses a non-reentrant model


 *************** function _b2 *****************
 Defined at:
		line 94 in file "botao.c"
 Parameters:    Size  Location     Type
		None
 Auto vars:     Size  Location     Type
		None
 Return value:  Size  Location     Type
                  1    wreg      unsigned char 
 Registers used:
		wreg, status,0
 Tracked objects:
		On entry : 
		On exit  : 
		Unchanged: 
 Data sizes:     COMMON   BANK0   BANK1   BANK3   BANK2
      Params:         0       0       0       0       0
      Locals:         0       0       0       0       0
      Temps:          0       0       0       0       0
      Totals:         0       0       0       0       0
Total ram usage:        0 bytes
 Hardware stack levels used:    1
 Hardware stack levels required when called:    2
 This function calls:
		Nothing
 This function is called by:
		_main
 This function uses a non-reentrant model


 *************** function _b1 *****************
 Defined at:
		line 60 in file "botao.c"
 Parameters:    Size  Location     Type
		None
 Auto vars:     Size  Location     Type
		None
 Return value:  Size  Location     Type
                  1    wreg      unsigned char 
 Registers used:
		wreg, status,0
 Tracked objects:
		On entry : 
		On exit  : 
		Unchanged: 
 Data sizes:     COMMON   BANK0   BANK1   BANK3   BANK2
      Params:         0       0       0       0       0
      Locals:         0       0       0       0       0
      Temps:          0       0       0       0       0
      Totals:         0       0       0       0       0
Total ram usage:        0 bytes
 Hardware stack levels used:    1
 Hardware stack levels required when called:    2
 This function calls:
		Nothing
 This function is called by:
		_main
 This function uses a non-reentrant model


 *************** function _b0 *****************
 Defined at:
		line 22 in file "botao.c"
 Parameters:    Size  Location     Type
		None
 Auto vars:     Size  Location     Type
		None
 Return value:  Size  Location     Type
                  1    wreg      unsigned char 
 Registers used:
		wreg, status,0
 Tracked objects:
		On entry : 
		On exit  : 
		Unchanged: 
 Data sizes:     COMMON   BANK0   BANK1   BANK3   BANK2
      Params:         0       0       0       0       0
      Locals:         0       0       0       0       0
      Temps:          0       0       0       0       0
      Totals:         0       0       0       0       0
Total ram usage:        0 bytes
 Hardware stack levels used:    1
 Hardware stack levels required when called:    2
 This function calls:
		Nothing
 This function is called by:
		_main
 This function uses a non-reentrant model


 *************** function _T0_status *****************
 Defined at:
		line 59 in file "timers.c"
 Parameters:    Size  Location     Type
		None
 Auto vars:     Size  Location     Type
		None
 Return value:  Size  Location     Type
                  2    2[COMMON] unsigned int 
 Registers used:
		wreg
 Tracked objects:
		On entry : 
		On exit  : 
		Unchanged: 
 Data sizes:     COMMON   BANK0   BANK1   BANK3   BANK2
      Params:         2       0       0       0       0
      Locals:         0       0       0       0       0
      Temps:          0       0       0       0       0
      Totals:         2       0       0       0       0
Total ram usage:        2 bytes
 Hardware stack levels used:    1
 Hardware stack levels required when called:    2
 This function calls:
		Nothing
 This function is called by:
		_main
 This function uses a non-reentrant model


 *************** function _T0_start *****************
 Defined at:
		line 42 in file "timers.c"
 Parameters:    Size  Location     Type
  c               2    2[COMMON] unsigned int 
 Auto vars:     Size  Location     Type
		None
 Return value:  Size  Location     Type
                  1    wreg      void 
 Registers used:
		wreg
 Tracked objects:
		On entry : 
		On exit  : 
		Unchanged: 
 Data sizes:     COMMON   BANK0   BANK1   BANK3   BANK2
      Params:         2       0       0       0       0
      Locals:         0       0       0       0       0
      Temps:          0       0       0       0       0
      Totals:         2       0       0       0       0
Total ram usage:        2 bytes
 Hardware stack levels used:    1
 Hardware stack levels required when called:    2
 This function calls:
		Nothing
 This function is called by:
		_main
 This function uses a non-reentrant model


 *************** function _T0_init *****************
 Defined at:
		line 21 in file "timers.c"
 Parameters:    Size  Location     Type
		None
 Auto vars:     Size  Location     Type
		None
 Return value:  Size  Location     Type
                  1    wreg      void 
 Registers used:
		wreg, status,2, status,0
 Tracked objects:
		On entry : 
		On exit  : 
		Unchanged: 
 Data sizes:     COMMON   BANK0   BANK1   BANK3   BANK2
      Params:         0       0       0       0       0
      Locals:         0       0       0       0       0
      Temps:          0       0       0       0       0
      Totals:         0       0       0       0       0
Total ram usage:        0 bytes
 Hardware stack levels used:    1
 Hardware stack levels required when called:    2
 This function calls:
		Nothing
 This function is called by:
		_main
 This function uses a non-reentrant model


 *************** function _EEPROM_read *****************
 Defined at:
		line 4 in file "eeprom.c"
 Parameters:    Size  Location     Type
  addr            1    wreg     unsigned char 
 Auto vars:     Size  Location     Type
  addr            1    2[COMMON] unsigned char 
 Return value:  Size  Location     Type
                  1    wreg      unsigned char 
 Registers used:
		wreg, status,2
 Tracked objects:
		On entry : 
		On exit  : 
		Unchanged: 
 Data sizes:     COMMON   BANK0   BANK1   BANK3   BANK2
      Params:         0       0       0       0       0
      Locals:         1       0       0       0       0
      Temps:          0       0       0       0       0
      Totals:         1       0       0       0       0
Total ram usage:        1 bytes
 Hardware stack levels used:    1
 Hardware stack levels required when called:    2
 This function calls:
		Nothing
 This function is called by:
		_main
 This function uses a non-reentrant model


 *************** function _isr *****************
 Defined at:
		line 7 in file "interrupt.c"
 Parameters:    Size  Location     Type
		None
 Auto vars:     Size  Location     Type
		None
 Return value:  Size  Location     Type
                  1    wreg      void 
 Registers used:
		wreg, status,2, status,0, pclath, cstack
 Tracked objects:
		On entry : 
		On exit  : 
		Unchanged: 
 Data sizes:     COMMON   BANK0   BANK1   BANK3   BANK2
      Params:         0       0       0       0       0
      Locals:         0       0       0       0       0
      Temps:          2       0       0       0       0
      Totals:         2       0       0       0       0
Total ram usage:        2 bytes
 Hardware stack levels used:    1
 Hardware stack levels required when called:    1
 This function calls:
		_T0_int
		_T1_int
		_T2_int
 This function is called by:
		Interrupt level 1
 This function uses a non-reentrant model


 *************** function _T2_int *****************
 Defined at:
		line 132 in file "timers.c"
 Parameters:    Size  Location     Type
		None
 Auto vars:     Size  Location     Type
		None
 Return value:  Size  Location     Type
                  1    wreg      void 
 Registers used:
		wreg, status,2, status,0
 Tracked objects:
		On entry : 
		On exit  : 
		Unchanged: 
 Data sizes:     COMMON   BANK0   BANK1   BANK3   BANK2
      Params:         0       0       0       0       0
      Locals:         0       0       0       0       0
      Temps:          0       0       0       0       0
      Totals:         0       0       0       0       0
Total ram usage:        0 bytes
 Hardware stack levels used:    1
 This function calls:
		Nothing
 This function is called by:
		_isr
 This function uses a non-reentrant model


 *************** function _T1_int *****************
 Defined at:
		line 80 in file "timers.c"
 Parameters:    Size  Location     Type
		None
 Auto vars:     Size  Location     Type
		None
 Return value:  Size  Location     Type
                  1    wreg      void 
 Registers used:
		wreg, status,2, status,0
 Tracked objects:
		On entry : 
		On exit  : 
		Unchanged: 
 Data sizes:     COMMON   BANK0   BANK1   BANK3   BANK2
      Params:         0       0       0       0       0
      Locals:         0       0       0       0       0
      Temps:          0       0       0       0       0
      Totals:         0       0       0       0       0
Total ram usage:        0 bytes
 Hardware stack levels used:    1
 This function calls:
		Nothing
 This function is called by:
		_isr
 This function uses a non-reentrant model


 *************** function _T0_int *****************
 Defined at:
		line 33 in file "timers.c"
 Parameters:    Size  Location     Type
		None
 Auto vars:     Size  Location     Type
		None
 Return value:  Size  Location     Type
                  1    wreg      void 
 Registers used:
		wreg, status,2, status,0
 Tracked objects:
		On entry : 
		On exit  : 
		Unchanged: 
 Data sizes:     COMMON   BANK0   BANK1   BANK3   BANK2
      Params:         0       0       0       0       0
      Locals:         0       0       0       0       0
      Temps:          0       0       0       0       0
      Totals:         0       0       0       0       0
Total ram usage:        0 bytes
 Hardware stack levels used:    1
 This function calls:
		Nothing
 This function is called by:
		_isr
 This function uses a non-reentrant model



MODULE INFORMATION

Module		Function		Class		Link	Load	Size
timers.c
		_T0_status     		CODE           	0F83	0000	9
		_T0_start      		CODE           	0F9C	0000	11
		_T0_int        		CODE           	0FEE	0000	19
		_T1_int        		CODE           	07CA	0000	21
		_T0_init       		CODE           	0FDE	0000	17
		_T2_int        		CODE           	0FCE	0000	17

timers.c estimated size: 94

delay.c
		_delay         		CODE           	079F	0000	24

delay.c estimated size: 24

C:\Program Files (x86)\Microchip\xc8\v2.00\pic\sources\c90\common\awmod.c
		___awmod       		CODE           	0613	0000	100

C:\Program Files (x86)\Microchip\xc8\v2.00\pic\sources\c90\common\awmod.c estimated size: 100

teclado.c
		_teclado_init  		CODE           	07B6	0000	21

teclado.c estimated size: 21

tempo.c
		_habTemporizador		CODE           	0F93	0000	10
		_temporizar    		CODE           	0446	0000	223
		_resetTemporizador		CODE           	0788	0000	24

tempo.c estimated size: 257

eeprom.c
		_EEPROM_read   		CODE           	07F1	0000	16
		_EEPROM_write  		CODE           	076F	0000	26

eeprom.c estimated size: 42

C:\Program Files (x86)\Microchip\xc8\v2.00\pic\sources\c90\common\awdiv.c
		___awdiv       		CODE           	05A0	0000	116

C:\Program Files (x86)\Microchip\xc8\v2.00\pic\sources\c90\common\awdiv.c estimated size: 116

interrupt.c
		_isr           		CODE           	0718	0000	45

interrupt.c estimated size: 45

shared
		__stringtab    		STRING         	0744	0000	7
		__initialization		CODE           	000F	0000	22
		_tecladoMatriz 		STRING         	074A	0000	17

shared estimated size: 46

lcd.c
		_lcd_lincol    		CODE           	07DE	0000	20
		_lcd_dataReg   		CODE           	06EC	0000	45
		_lcd_print     		CODE           	06B5	0000	56
		_lcd_instReg   		CODE           	0524	0000	125
		_lcd_init      		CODE           	0676	0000	64
		_lcd_num       		CODE           	0358	0000	239

lcd.c estimated size: 549

botao.c
		_b0            		CODE           	0FA6	0000	11
		_b1            		CODE           	0FB0	0000	11
		_b2            		CODE           	0FBA	0000	11
		_b3            		CODE           	0FC4	0000	11
		_botao_init    		CODE           	0F7C	0000	8

botao.c estimated size: 52

main.c
		_main          		CODE           	0028	0000	817

main.c estimated size: 817

